// Vitest Snapshot v1, https://vitest.dev/guide/snapshot.html

exports[`SlideShow > renders SlideShow correctly and matches snapshot 1`] = `
<div>
  <div
    class="slideshow-container"
  >
    <div
      class="card-wrapper"
    >
      <button
        class="arrow left-arrow"
      >
        ‹ 
      </button>
      <section
        class="card slideshow-card"
        role="figure"
      >
        <section
          class="text"
        >
          <h3>
            Joke #
            1
          </h3>
          <p>
            - 
            I've got a really good UDP joke to tell you but I don’t know if you'll get it.
          </p>
        </section>
        <button
          class="favorite-button"
        >
          ☆
        </button>
      </section>
      <button
        class="arrow right-arrow"
      >
        ›
      </button>
    </div>
    <h3
      class="skipToJoke"
    >
      Skip to joke
    </h3>
    <div
      class="jokeIDButton-container"
    >
      <button
        class="jokeIDButton"
      >
        1
      </button>
      <button
        class="jokeIDButton"
      >
        2
      </button>
      <button
        class="jokeIDButton"
      >
        3
      </button>
    </div>
  </div>
</div>
`;
